13:26:38 **** Incremental Build of configuration Debug for project nucleoF411_base ****
make -j16 all 
arm-none-eabi-gcc -std=c99 -ISTM32F4xx_HAL_Driver/inc/ -Iinclude/ -Imbed_shield/inc/ -I. -g -D__DEBUG__ -O0 -Wall -march=armv7e-m -mfloat-abi=hard -mcpu=cortex-m4 -mfpu=fpv4-sp-d16 -mthumb -DSTM32F411xE -Wextra -Warray-bounds -Wno-unused-parameter -fomit-frame-pointer -MD -MP -MF .dep/stm32f4xx_hal_gpio.o.d   -c -o STM32F4xx_HAL_Driver/src/stm32f4xx_hal_gpio.o STM32F4xx_HAL_Driver/src/stm32f4xx_hal_gpio.c
STM32F4xx_HAL_Driver/src/stm32f4xx_hal_gpio.c: In function 'HAL_GPIO_ReadPort':
STM32F4xx_HAL_Driver/src/stm32f4xx_hal_gpio.c:137:1: warning: control reaches end of non-void function [-Wreturn-type]
  137 | }
      | ^
arm-none-eabi-gcc -o main.elf startup/stm32f411_periph.o startup/sys_handlers.o startup/system_stm32f4xx.o STM32F4xx_HAL_Driver/src/stm32f4xx_ll_rcc.o STM32F4xx_HAL_Driver/src/stm32f4xx_hal_i2c.o STM32F4xx_HAL_Driver/src/util.o STM32F4xx_HAL_Driver/src/stm32f4xx_hal.o STM32F4xx_HAL_Driver/src/stm32f4xx_hal_cortex.o STM32F4xx_HAL_Driver/src/stm32f4xx_hal_uart.o STM32F4xx_HAL_Driver/src/stm32f4xx_hal_gpio.o STM32F4xx_HAL_Driver/src/stm32f4xx_hal_tim.o STM32F4xx_HAL_Driver/src/stm32f4xx_hal_spi.o mbed_shield/src/leds.o mbed_shield/src/sw.o mbed_shield/src/lm75.o mbed_shield/src/lcd_128x32.o src/stm32f4xx_hal_msp.o src/stm32f4xx_it.o src/main.o startup/startup_stm32f411xe.o -march=armv7e-m -mfloat-abi=hard -mcpu=cortex-m4 -mfpu=fpv4-sp-d16 -mthumb -DSTM32F411xE -Tconfig/STM32F411RE_FLASH.lds -lc -lgcc -lgcov -lm -Wl,-Map=main.elf.map,--gc-sections  -specs=nano.specs -specs=nosys.specs  
/home/duncan/st/stm32cubeide_1.19.0/plugins/com.st.stm32cube.ide.mcu.externaltools.gnu-tools-for-stm32.13.3.rel1.linux64_1.0.0.202410170706/tools/bin/../lib/gcc/arm-none-eabi/13.3.1/../../../../arm-none-eabi/bin/ld: /home/duncan/st/stm32cubeide_1.19.0/plugins/com.st.stm32cube.ide.mcu.externaltools.gnu-tools-for-stm32.13.3.rel1.linux64_1.0.0.202410170706/tools/bin/../lib/gcc/arm-none-eabi/13.3.1/../../../../arm-none-eabi/lib/thumb/v7e-m+fp/hard/libc_nano.a(libc_a-closer.o): note: the message above does not take linker garbage collection into account
/home/duncan/st/stm32cubeide_1.19.0/plugins/com.st.stm32cube.ide.mcu.externaltools.gnu-tools-for-stm32.13.3.rel1.linux64_1.0.0.202410170706/tools/bin/../lib/gcc/arm-none-eabi/13.3.1/../../../../arm-none-eabi/bin/ld: /home/duncan/st/stm32cubeide_1.19.0/plugins/com.st.stm32cube.ide.mcu.externaltools.gnu-tools-for-stm32.13.3.rel1.linux64_1.0.0.202410170706/tools/bin/../lib/gcc/arm-none-eabi/13.3.1/../../../../arm-none-eabi/lib/thumb/v7e-m+fp/hard/libc_nano.a(libc_a-closer.o): in function `_close_r':
/home/duncan/st/stm32cubeide_1.19.0/plugins/com.st.stm32cube.ide.mcu.externaltools.gnu-tools-for-stm32.13.3.rel1.linux64_1.0.0.202410170706/tools/bin/../lib/gcc/arm-none-eabi/13.3.1/../../../../arm-none-eabi/bin/ld: /home/duncan/st/stm32cubeide_1.19.0/plugins/com.st.stm32cube.ide.mcu.externaltools.gnu-tools-for-stm32.13.3.rel1.linux64_1.0.0.202410170706/tools/bin/../lib/gcc/arm-none-eabi/13.3.1/../../../../arm-none-eabi/lib/thumb/v7e-m+fp/hard/libc_nano.a(libc_a-lseekr.o): note: the message above does not take linker garbage collection into account
(.text._close_r+0xc): warning: _close is not implemented and will always fail
/home/duncan/st/stm32cubeide_1.19.0/plugins/com.st.stm32cube.ide.mcu.externaltools.gnu-tools-for-stm32.13.3.rel1.linux64_1.0.0.202410170706/tools/bin/../lib/gcc/arm-none-eabi/13.3.1/../../../../arm-none-eabi/bin/ld: /home/duncan/st/stm32cubeide_1.19.0/plugins/com.st.stm32cube.ide.mcu.externaltools.gnu-tools-for-stm32.13.3.rel1.linux64_1.0.0.202410170706/tools/bin/../lib/gcc/arm-none-eabi/13.3.1/../../../../arm-none-eabi/lib/thumb/v7e-m+fp/hard/libc_nano.a(libc_a-readr.o): note: the message above does not take linker garbage collection into account
/home/duncan/st/stm32cubeide_1.19.0/plugins/com.st.stm32cube.ide.mcu.externaltools.gnu-tools-for-stm32.13.3.rel1.linux64_1.0.0.202410170706/tools/bin/../lib/gcc/arm-none-eabi/13.3.1/../../../../arm-none-eabi/bin/ld: /home/duncan/st/stm32cubeide_1.19.0/plugins/com.st.stm32cube.ide.mcu.externaltools.gnu-tools-for-stm32.13.3.rel1.linux64_1.0.0.202410170706/tools/bin/../lib/gcc/arm-none-eabi/13.3.1/../../../../arm-none-eabi/lib/thumb/v7e-m+fp/hard/libc_nano.a(libc_a-lseekr.o): in function `_lseek_r':
(.text._lseek_r+0x10): warning: _lseek is not implemented and will always fail
/home/duncan/st/stm32cubeide_1.19.0/plugins/com.st.stm32cube.ide.mcu.externaltools.gnu-tools-for-stm32.13.3.rel1.linux64_1.0.0.202410170706/tools/bin/../lib/gcc/arm-none-eabi/13.3.1/../../../../arm-none-eabi/bin/ld: /home/duncan/st/stm32cubeide_1.19.0/plugins/com.st.stm32cube.ide.mcu.externaltools.gnu-tools-for-stm32.13.3.rel1.linux64_1.0.0.202410170706/tools/bin/../lib/gcc/arm-none-eabi/13.3.1/../../../../arm-none-eabi/lib/thumb/v7e-m+fp/hard/libc_nano.a(libc_a-readr.o): in function `_read_r':
(.text._read_r+0x10): warning: _read is not implemented and will always fail
/home/duncan/st/stm32cubeide_1.19.0/plugins/com.st.stm32cube.ide.mcu.externaltools.gnu-tools-for-stm32.13.3.rel1.linux64_1.0.0.202410170706/tools/bin/../lib/gcc/arm-none-eabi/13.3.1/../../../../arm-none-eabi/bin/ld: /home/duncan/st/stm32cubeide_1.19.0/plugins/com.st.stm32cube.ide.mcu.externaltools.gnu-tools-for-stm32.13.3.rel1.linux64_1.0.0.202410170706/tools/bin/../lib/gcc/arm-none-eabi/13.3.1/../../../../arm-none-eabi/lib/thumb/v7e-m+fp/hard/libc_nano.a(libc_a-writer.o): note: the message above does not take linker garbage collection into account
/home/duncan/st/stm32cubeide_1.19.0/plugins/com.st.stm32cube.ide.mcu.externaltools.gnu-tools-for-stm32.13.3.rel1.linux64_1.0.0.202410170706/tools/bin/../lib/gcc/arm-none-eabi/13.3.1/../../../../arm-none-eabi/bin/ld: /home/duncan/st/stm32cubeide_1.19.0/plugins/com.st.stm32cube.ide.mcu.externaltools.gnu-tools-for-stm32.13.3.rel1.linux64_1.0.0.202410170706/tools/bin/../lib/gcc/arm-none-eabi/13.3.1/../../../../arm-none-eabi/lib/thumb/v7e-m+fp/hard/libc_nano.a(libc_a-writer.o): in function `_write_r':
(.text._write_r+0x10): warning: _write is not implemented and will always fail
/home/duncan/st/stm32cubeide_1.19.0/plugins/com.st.stm32cube.ide.mcu.externaltools.gnu-tools-for-stm32.13.3.rel1.linux64_1.0.0.202410170706/tools/bin/../lib/gcc/arm-none-eabi/13.3.1/../../../../arm-none-eabi/bin/ld: warning: main.elf has a LOAD segment with RWX permissions
arm-none-eabi-objdump -h main.elf

main.elf:     file format elf32-littlearm

Sections:
Idx Name          Size      VMA       LMA       File off  Algn
  0 .isr_vector   00000198  08000000  08000000  00001000  2**0
                  CONTENTS, ALLOC, LOAD, READONLY, DATA
  1 .text         00003168  08000198  08000198  00001198  2**3
                  CONTENTS, ALLOC, LOAD, READONLY, CODE
  2 .rodata       00000890  08003300  08003300  00004300  2**2
                  CONTENTS, ALLOC, LOAD, READONLY, DATA
  3 .init_array   00000004  08003b90  08003b90  00004b90  2**2
                  CONTENTS, ALLOC, LOAD, DATA
  4 .fini_array   00000004  08003b94  08003b94  00004b94  2**2
                  CONTENTS, ALLOC, LOAD, DATA
  5 .data         000000c8  20000000  08003b98  00005000  2**2
                  CONTENTS, ALLOC, LOAD, DATA
  6 .bss          00000348  200000c8  08003c60  000050c8  2**2
                  ALLOC
  7 ._user_heap_stack 00000600  20000410  08003c60  00005410  2**0
                  ALLOC
  8 .ARM.attributes 00000030  00000000  00000000  000050c8  2**0
                  CONTENTS, READONLY
  9 .debug_info   000085ff  00000000  00000000  000050f8  2**0
                  CONTENTS, READONLY, DEBUGGING, OCTETS
 10 .debug_abbrev 00001c71  00000000  00000000  0000d6f7  2**0
                  CONTENTS, READONLY, DEBUGGING, OCTETS
 11 .debug_aranges 00000240  00000000  00000000  0000f368  2**3
                  CONTENTS, READONLY, DEBUGGING, OCTETS
 12 .debug_line   00004335  00000000  00000000  0000f5a8  2**0
                  CONTENTS, READONLY, DEBUGGING, OCTETS
 13 .debug_str    00002607  00000000  00000000  000138dd  2**0
                  CONTENTS, READONLY, DEBUGGING, OCTETS
 14 .comment      00000043  00000000  00000000  00015ee4  2**0
                  CONTENTS, READONLY
 15 .debug_frame  000011e0  00000000  00000000  00015f28  2**2
                  CONTENTS, READONLY, DEBUGGING, OCTETS
 16 .debug_ranges 00000020  00000000  00000000  00017108  2**3
                  CONTENTS, READONLY, DEBUGGING, OCTETS
arm-none-eabi-size main.elf
   text	   data	    bss	    dec	    hex	filename
  15248	    208	   2376	  17832	   45a8	main.elf
arm-none-eabi-objcopy -O ihex main.elf main.hex
arm-none-eabi-objcopy -O binary main.elf main.bin

13:26:38 Build Failed. 4 errors, 6 warnings. (took 175ms)

