Archive member included to satisfy reference by file (symbol)

/home/duncan/st/stm32cubeide_1.19.0/plugins/com.st.stm32cube.ide.mcu.externaltools.gnu-tools-for-stm32.13.3.rel1.linux64_1.0.0.202410170706/tools/bin/../lib/gcc/arm-none-eabi/13.3.1/../../../../arm-none-eabi/lib/thumb/v7e-m+fp/hard/libc_nano.a(libc_a-exit.o)
                              /home/duncan/st/stm32cubeide_1.19.0/plugins/com.st.stm32cube.ide.mcu.externaltools.gnu-tools-for-stm32.13.3.rel1.linux64_1.0.0.202410170706/tools/bin/../lib/gcc/arm-none-eabi/13.3.1/../../../../arm-none-eabi/lib/thumb/v7e-m+fp/hard/crt0.o (exit)
/home/duncan/st/stm32cubeide_1.19.0/plugins/com.st.stm32cube.ide.mcu.externaltools.gnu-tools-for-stm32.13.3.rel1.linux64_1.0.0.202410170706/tools/bin/../lib/gcc/arm-none-eabi/13.3.1/../../../../arm-none-eabi/lib/thumb/v7e-m+fp/hard/libc_nano.a(libc_a-findfp.o)
                              /home/duncan/st/stm32cubeide_1.19.0/plugins/com.st.stm32cube.ide.mcu.externaltools.gnu-tools-for-stm32.13.3.rel1.linux64_1.0.0.202410170706/tools/bin/../lib/gcc/arm-none-eabi/13.3.1/../../../../arm-none-eabi/lib/thumb/v7e-m+fp/hard/libc_nano.a(libc_a-exit.o) (__stdio_exit_handler)
/home/duncan/st/stm32cubeide_1.19.0/plugins/com.st.stm32cube.ide.mcu.externaltools.gnu-tools-for-stm32.13.3.rel1.linux64_1.0.0.202410170706/tools/bin/../lib/gcc/arm-none-eabi/13.3.1/../../../../arm-none-eabi/lib/thumb/v7e-m+fp/hard/libc_nano.a(libc_a-fwalk.o)
                              /home/duncan/st/stm32cubeide_1.19.0/plugins/com.st.stm32cube.ide.mcu.externaltools.gnu-tools-for-stm32.13.3.rel1.linux64_1.0.0.202410170706/tools/bin/../lib/gcc/arm-none-eabi/13.3.1/../../../../arm-none-eabi/lib/thumb/v7e-m+fp/hard/libc_nano.a(libc_a-findfp.o) (_fwalk_sglue)
/home/duncan/st/stm32cubeide_1.19.0/plugins/com.st.stm32cube.ide.mcu.externaltools.gnu-tools-for-stm32.13.3.rel1.linux64_1.0.0.202410170706/tools/bin/../lib/gcc/arm-none-eabi/13.3.1/../../../../arm-none-eabi/lib/thumb/v7e-m+fp/hard/libc_nano.a(libc_a-stdio.o)
                              /home/duncan/st/stm32cubeide_1.19.0/plugins/com.st.stm32cube.ide.mcu.externaltools.gnu-tools-for-stm32.13.3.rel1.linux64_1.0.0.202410170706/tools/bin/../lib/gcc/arm-none-eabi/13.3.1/../../../../arm-none-eabi/lib/thumb/v7e-m+fp/hard/libc_nano.a(libc_a-findfp.o) (__sread)
/home/duncan/st/stm32cubeide_1.19.0/plugins/com.st.stm32cube.ide.mcu.externaltools.gnu-tools-for-stm32.13.3.rel1.linux64_1.0.0.202410170706/tools/bin/../lib/gcc/arm-none-eabi/13.3.1/../../../../arm-none-eabi/lib/thumb/v7e-m+fp/hard/libc_nano.a(libc_a-memset.o)
                              /home/duncan/st/stm32cubeide_1.19.0/plugins/com.st.stm32cube.ide.mcu.externaltools.gnu-tools-for-stm32.13.3.rel1.linux64_1.0.0.202410170706/tools/bin/../lib/gcc/arm-none-eabi/13.3.1/../../../../arm-none-eabi/lib/thumb/v7e-m+fp/hard/crt0.o (memset)
/home/duncan/st/stm32cubeide_1.19.0/plugins/com.st.stm32cube.ide.mcu.externaltools.gnu-tools-for-stm32.13.3.rel1.linux64_1.0.0.202410170706/tools/bin/../lib/gcc/arm-none-eabi/13.3.1/../../../../arm-none-eabi/lib/thumb/v7e-m+fp/hard/libc_nano.a(libc_a-closer.o)
                              /home/duncan/st/stm32cubeide_1.19.0/plugins/com.st.stm32cube.ide.mcu.externaltools.gnu-tools-for-stm32.13.3.rel1.linux64_1.0.0.202410170706/tools/bin/../lib/gcc/arm-none-eabi/13.3.1/../../../../arm-none-eabi/lib/thumb/v7e-m+fp/hard/libc_nano.a(libc_a-stdio.o) (_close_r)
/home/duncan/st/stm32cubeide_1.19.0/plugins/com.st.stm32cube.ide.mcu.externaltools.gnu-tools-for-stm32.13.3.rel1.linux64_1.0.0.202410170706/tools/bin/../lib/gcc/arm-none-eabi/13.3.1/../../../../arm-none-eabi/lib/thumb/v7e-m+fp/hard/libc_nano.a(libc_a-reent.o)
                              /home/duncan/st/stm32cubeide_1.19.0/plugins/com.st.stm32cube.ide.mcu.externaltools.gnu-tools-for-stm32.13.3.rel1.linux64_1.0.0.202410170706/tools/bin/../lib/gcc/arm-none-eabi/13.3.1/../../../../arm-none-eabi/lib/thumb/v7e-m+fp/hard/libc_nano.a(libc_a-closer.o) (errno)
/home/duncan/st/stm32cubeide_1.19.0/plugins/com.st.stm32cube.ide.mcu.externaltools.gnu-tools-for-stm32.13.3.rel1.linux64_1.0.0.202410170706/tools/bin/../lib/gcc/arm-none-eabi/13.3.1/../../../../arm-none-eabi/lib/thumb/v7e-m+fp/hard/libc_nano.a(libc_a-impure.o)
                              /home/duncan/st/stm32cubeide_1.19.0/plugins/com.st.stm32cube.ide.mcu.externaltools.gnu-tools-for-stm32.13.3.rel1.linux64_1.0.0.202410170706/tools/bin/../lib/gcc/arm-none-eabi/13.3.1/../../../../arm-none-eabi/lib/thumb/v7e-m+fp/hard/libc_nano.a(libc_a-reent.o) (_impure_ptr)
/home/duncan/st/stm32cubeide_1.19.0/plugins/com.st.stm32cube.ide.mcu.externaltools.gnu-tools-for-stm32.13.3.rel1.linux64_1.0.0.202410170706/tools/bin/../lib/gcc/arm-none-eabi/13.3.1/../../../../arm-none-eabi/lib/thumb/v7e-m+fp/hard/libc_nano.a(libc_a-lseekr.o)
[...]
Memory Configuration

Name             Origin             Length             Attributes
FLASH            0x08000000         0x00080000         xr
RAM              0x20000000         0x00020000         xrw
*default*        0x00000000         0xffffffff

Linker script and memory map

LOAD /home/duncan/st/stm32cubeide_1.19.0/plugins/com.st.stm32cube.ide.mcu.externaltools.gnu-tools-for-stm32.13.3.rel1.linux64_1.0.0.202410170706/tools/bin/../lib/gcc/arm-none-eabi/13.3.1/thumb/v7e-m+fp/hard/crti.o
LOAD /home/duncan/st/stm32cubeide_1.19.0/plugins/com.st.stm32cube.ide.mcu.externaltools.gnu-tools-for-stm32.13.3.rel1.linux64_1.0.0.202410170706/tools/bin/../lib/gcc/arm-none-eabi/13.3.1/thumb/v7e-m+fp/hard/crtbegin.o
LOAD /home/duncan/st/stm32cubeide_1.19.0/plugins/com.st.stm32cube.ide.mcu.externaltools.gnu-tools-for-stm32.13.3.rel1.linux64_1.0.0.202410170706/tools/bin/../lib/gcc/arm-none-eabi/13.3.1/../../../../arm-none-eabi/lib/thumb/v7e-m+fp/hard/crt0.o
LOAD startup/stm32f411_periph.o
LOAD startup/sys_handlers.o
LOAD startup/system_stm32f4xx.o
LOAD STM32F4xx_HAL_Driver/src/stm32f4xx_ll_rcc.o
LOAD STM32F4xx_HAL_Driver/src/stm32f4xx_hal_i2c.o
LOAD STM32F4xx_HAL_Driver/src/util.o
LOAD STM32F4xx_HAL_Driver/src/stm32f4xx_hal.o
LOAD STM32F4xx_HAL_Driver/src/stm32f4xx_hal_cortex.o
LOAD STM32F4xx_HAL_Driver/src/stm32f4xx_hal_uart.o
LOAD STM32F4xx_HAL_Driver/src/stm32f4xx_hal_gpio.o
LOAD STM32F4xx_HAL_Driver/src/stm32f4xx_hal_tim.o
LOAD STM32F4xx_HAL_Driver/src/stm32f4xx_hal_spi.o
LOAD mbed_shield/src/leds.o
LOAD mbed_shield/src/sw.o
LOAD mbed_shield/src/lm75.o
LOAD mbed_shield/src/lcd_128x32.o
LOAD src/stm32f4xx_hal_msp.o
LOAD src/stm32f4xx_it.o
LOAD src/main.o
LOAD startup/startup_stm32f411xe.o
LOAD /home/duncan/st/stm32cubeide_1.19.0/plugins/com.st.stm32cube.ide.mcu.externaltools.gnu-tools-for-stm32.13.3.rel1.linux64_1.0.0.202410170706/tools/bin/../lib/gcc/arm-none-eabi/13.3.1/../../../../arm-none-eabi/lib/thumb/v7e-m+fp/hard/libc_nano.a
LOAD /home/duncan/st/stm32cubeide_1.19.0/plugins/com.st.stm32cube.ide.mcu.externaltools.gnu-tools-for-stm32.13.3.rel1.linux64_1.0.0.202410170706/tools/bin/../lib/gcc/arm-none-eabi/13.3.1/thumb/v7e-m+fp/hard/libgcc.a
LOAD /home/duncan/st/stm32cubeide_1.19.0/plugins/com.st.stm32cube.ide.mcu.externaltools.gnu-tools-for-stm32.13.3.rel1.linux64_1.0.0.202410170706/tools/bin/../lib/gcc/arm-none-eabi/13.3.1/thumb/v7e-m+fp/hard/libgcov.a
LOAD /home/duncan/st/stm32cubeide_1.19.0/plugins/com.st.stm32cube.ide.mcu.externaltools.gnu-tools-for-stm32.13.3.rel1.linux64_1.0.0.202410170706/tools/bin/../lib/gcc/arm-none-eabi/13.3.1/../../../../arm-none-eabi/lib/thumb/v7e-m+fp/hard/libm.a
START GROUP
LOAD /home/duncan/st/stm32cubeide_1.19.0/plugins/com.st.stm32cube.ide.mcu.externaltools.gnu-tools-for-stm32.13.3.rel1.linux64_1.0.0.202410170706/tools/bin/../lib/gcc/arm-none-eabi/13.3.1/thumb/v7e-m+fp/hard/libgcc.a
LOAD /home/duncan/st/stm32cubeide_1.19.0/plugins/com.st.stm32cube.ide.mcu.externaltools.gnu-tools-for-stm32.13.3.rel1.linux64_1.0.0.202410170706/tools/bin/../lib/gcc/arm-none-eabi/13.3.1/../../../../arm-none-eabi/lib/thumb/v7e-m+fp/hard/libc_nano.a
END GROUP
START GROUP
LOAD /home/duncan/st/stm32cubeide_1.19.0/plugins/com.st.stm32cube.ide.mcu.externaltools.gnu-tools-for-stm32.13.3.rel1.linux64_1.0.0.202410170706/tools/bin/../lib/gcc/arm-none-eabi/13.3.1/thumb/v7e-m+fp/hard/libgcc.a
LOAD /home/duncan/st/stm32cubeide_1.19.0/plugins/com.st.stm32cube.ide.mcu.externaltools.gnu-tools-for-stm32.13.3.rel1.linux64_1.0.0.202410170706/tools/bin/../lib/gcc/arm-none-eabi/13.3.1/../../../../arm-none-eabi/lib/thumb/v7e-m+fp/hard/libc_nano.a
LOAD /home/duncan/st/stm32cubeide_1.19.0/plugins/com.st.stm32cube.ide.mcu.externaltools.gnu-tools-for-stm32.13.3.rel1.linux64_1.0.0.202410170706/tools/bin/../lib/gcc/arm-none-eabi/13.3.1/../../../../arm-none-eabi/lib/thumb/v7e-m+fp/hard/libnosys.a
END GROUP
START GROUP
LOAD /home/duncan/st/stm32cubeide_1.19.0/plugins/com.st.stm32cube.ide.mcu.externaltools.gnu-tools-for-stm32.13.3.rel1.linux64_1.0.0.202410170706/tools/bin/../lib/gcc/arm-none-eabi/13.3.1/thumb/v7e-m+fp/hard/libgcc.a
LOAD /home/duncan/st/stm32cubeide_1.19.0/plugins/com.st.stm32cube.ide.mcu.externaltools.gnu-tools-for-stm32.13.3.rel1.linux64_1.0.0.202410170706/tools/bin/../lib/gcc/arm-none-eabi/13.3.1/../../../../arm-none-eabi/lib/thumb/v7e-m+fp/hard/libc_nano.a
LOAD /home/duncan/st/stm32cubeide_1.19.0/plugins/com.st.stm32cube.ide.mcu.externaltools.gnu-tools-for-stm32.13.3.rel1.linux64_1.0.0.202410170706/tools/bin/../lib/gcc/arm-none-eabi/13.3.1/../../../../arm-none-eabi/lib/thumb/v7e-m+fp/hard/libnosys.a
END GROUP
LOAD /home/duncan/st/stm32cubeide_1.19.0/plugins/com.st.stm32cube.ide.mcu.externaltools.gnu-tools-for-stm32.13.3.rel1.linux64_1.0.0.202410170706/tools/bin/../lib/gcc/arm-none-eabi/13.3.1/thumb/v7e-m+fp/hard/crtend.o
LOAD /home/duncan/st/stm32cubeide_1.19.0/plugins/com.st.stm32cube.ide.mcu.externaltools.gnu-tools-for-stm32.13.3.rel1.linux64_1.0.0.202410170706/tools/bin/../lib/gcc/arm-none-eabi/13.3.1/thumb/v7e-m+fp/hard/crtn.o
                0x20020000                        _estack = 0x20020000
                0x00000200                        _Min_Heap_Size = 0x200
                0x00000400                        _Min_Stack_Size = 0x400

.isr_vector     0x08000000      0x198
                0x08000000                        . = ALIGN (0x4)
 *(.isr_vector)
 .isr_vector    0x08000000      0x198 startup/startup_stm32f411xe.o
                0x08000000                g_pfnVectors
                0x08000198                        . = ALIGN (0x4)

.text           0x08000198     0x3230
                0x08000198                        . = ALIGN (0x4)
 *(.text)
 .text          0x08000198       0x40 /home/duncan/st/stm32cubeide_1.19.0/plugins/com.st.stm32cube.ide.mcu.externaltools.gnu-tools-for-stm32.13.3.rel1.linux64_1.0.0.202410170706/tools/bin/../lib/gcc/arm-none-eabi/13.3.1/thumb/v7e-m+fp/hard/crtbegin.o
 .text          0x080001d8       0x20 startup/sys_handlers.o
                0x080001d8                NMI_Handler
                0x080001dc                HardFault_Handler
                0x080001e0                MemManage_Handler
                0x080001e4                BusFault_Handler
                0x080001e8                UsageFault_Handler
                0x080001ec                SVC_Handler
                0x080001f0                DebugMon_Handler
                0x080001f4                PendSV_Handler
 .text          0x080001f8      0x16c startup/system_stm32f4xx.o
                0x080001f8                SystemInit
                0x0800026c                SystemCoreClockUpdate
 .text          0x08000364      0x3ec STM32F4xx_HAL_Driver/src/stm32f4xx_ll_rcc.o
                0x08000574                rcc_config_clock
 .text          0x08000750      0x4d8 STM32F4xx_HAL_Driver/src/stm32f4xx_hal_i2c.o
                0x08000750                HAL_I2C_EV_IRQHandler
                0x0800092c                HAL_I2C_ER_IRQHandler
                0x080009c2                HAL_I2C_Init
                0x08000a78                HAL_I2C_Master_Transmit_IT
                0x08000b0a                HAL_I2C_Master_Receive_IT
                0x08000b9c                HAL_I2C_Master_Transmit_Receive_IT
 .text          0x08000c28      0x34c STM32F4xx_HAL_Driver/src/util.o
                0x08000c28                num2str
                0x08000cc4                str2num
                0x08000d5e                reverse
                0x08000db2                intToStr
                0x08000e40                float2str
                0x08000ee0                myPow
 .text          0x08000f74      0x268 STM32F4xx_HAL_Driver/src/stm32f4xx_hal.o
                0x08000f74                HAL_Init
                0x08000f8c                HAL_DeInit
                0x08000f9c                HAL_MspDeInit
                0x08000fa0                HAL_InitTick
                0x08001000                HAL_IncTick
                0x0800101c                HAL_GetTick
                0x08001028                HAL_GetTickPrio
                0x08001034                HAL_SetTickFreq
                0x0800107c                HAL_GetTickFreq
                0x08001088                HAL_Delay
                0x080010cc                HAL_SuspendTick
                0x080010e0                HAL_ResumeTick
                0x080010f4                HAL_GetHalVersion
                0x08001100                HAL_GetREVID
                0x08001110                HAL_GetDEVID
                0x08001120                HAL_DBGMCU_EnableDBGSleepMode
                0x08001134                HAL_DBGMCU_DisableDBGSleepMode
                0x08001148                HAL_DBGMCU_EnableDBGStopMode
                0x0800115c                HAL_DBGMCU_DisableDBGStopMode
                0x08001170                HAL_DBGMCU_EnableDBGStandbyMode
                0x08001184                HAL_DBGMCU_DisableDBGStandbyMode
                0x08001198                HAL_EnableCompensationCell
                0x080011a8                HAL_DisableCompensationCell
                0x080011b8                HAL_GetUIDw0
                0x080011c4                HAL_GetUIDw1
                0x080011d0                HAL_GetUIDw2
 .text          0x080011dc      0x59c STM32F4xx_HAL_Driver/src/stm32f4xx_hal_cortex.o
                0x08001510                HAL_NVIC_SetPriorityGrouping
                0x08001524                HAL_NVIC_SetPriority
                0x0800155c                HAL_NVIC_EnableIRQ
                0x08001578                HAL_NVIC_DisableIRQ
                0x08001594                HAL_NVIC_SystemReset
                0x0800159e                HAL_SYSTICK_Config
                0x080015b4                HAL_MPU_Disable
                0x080015d8                HAL_MPU_Enable
                0x0800160c                HAL_MPU_ConfigRegion
                0x0800168c                HAL_NVIC_GetPriorityGrouping
                0x08001698                HAL_NVIC_GetPriority
                0x080016c4                HAL_NVIC_SetPendingIRQ
                0x080016e0                HAL_NVIC_GetPendingIRQ
                0x080016fe                HAL_NVIC_ClearPendingIRQ
                0x0800171a                HAL_NVIC_GetActive
                0x08001738                HAL_SYSTICK_CLKSourceConfig
                0x08001768                HAL_SYSTICK_IRQHandler
                0x08001772                HAL_SYSTICK_Callback
 .text          0x08001778      0x4ac STM32F4xx_HAL_Driver/src/stm32f4xx_hal_uart.o
                0x08001778                UART_Receive_IT
                0x080017c8                HAL_USART_IRQHandler
                0x08001824                HAL_UART_Init
                0x080018d8                HAL_UART_Transmit
                0x080018ec                HAL_UART_Receive
                0x08001934                HAL_UART_Receive_IT
                0x0800196e                uart_putc
                0x0800197e                uart_puts
                0x0800198a                uart_printf
 .text          0x08001c24      0x3cc STM32F4xx_HAL_Driver/src/stm32f4xx_hal_gpio.o
                0x08001c24                HAL_GPIO_EXTI_IRQHandler
                0x08001c60                HAL_GPIO_Init
                0x08001f5c                HAL_GPIO_ReadPort
                0x08001f6e                HAL_GPIO_ReadPin
                0x08001f9c                HAL_GPIO_WritePort
                0x08001fb2                HAL_GPIO_WritePin
 .text          0x08001ff0      0x3a4 STM32F4xx_HAL_Driver/src/stm32f4xx_hal_tim.o
                0x08001ff0                HAL_TIM_IRQHandler
                0x08002014                HAL_TIM_wait_ms
                0x08002022                HAL_TIM_wait_us
                0x08002030                HAL_TIM_Base_Init
                0x08002070                HAL_TIM_Base_Start
                0x0800207a                HAL_TIM_Base_Start_IT
                0x08002084                HAL_TIM_Base_Stop
                0x0800208e                HAL_TIM_Base_Stop_IT
                0x08002098                HAL_TIM_PWM_Init
                0x080020da                HAL_TIM_PWM_ConfigChannel
                0x080022d4                HAL_TIM_PWM_Channel_Set
 .text          0x08002394      0x1dc STM32F4xx_HAL_Driver/src/stm32f4xx_hal_spi.o
                0x08002394                HAL_SPI_IRQHandler
                0x08002438                HAL_SPI_Init
                0x080024bc                HAL_SPI_Transmit_IT
                0x0800252e                HAL_SPI_Write_Byte
 .text          0x08002570       0x84 mbed_shield/src/leds.o
                0x08002570                nucleo_led
                0x08002590                red_led
                0x080025b0                green_led
                0x080025d0                blue_led
 .text          0x080025f4       0xf0 mbed_shield/src/sw.o
                0x080025f4                sw_right_raw
                0x08002608                sw_left_raw
                0x0800261c                sw_center_raw
                0x08002630                sw_up_raw
                0x08002644                sw_down_raw
                0x08002658                sw_input_raw
                0x080026c4                sw_right_debounce
                0x080026ca                sw_left_debounce
                0x080026d0                sw_up_debounce
                0x080026d6                sw_down_debounce
                0x080026dc                sw_center_debounce
 .text          0x080026e4      0x2dc src/stm32f4xx_hal_msp.o
                0x08002760                HAL_MspInit
                0x080027dc                HAL_GPIO_LEDS_MspInit
                0x0800284c                HAL_GPIO_SWITCHS_MspInit
                0x080028d4                HAL_TIM2_MspInit
                0x080028fc                HAL_TIM5_MspInit
                0x08002924                HAL_UART2_MspInit
                0x08002928                HAL_LCD_MspInit
 .text          0x080029c0       0x94 src/stm32f4xx_it.o
                0x080029c0                SysTick_Handler
                0x080029ce                TIM5_IRQHandler
                0x080029e0                USART2_IRQHandler
                0x080029f0                I2C1_EV_IRQHandler
                0x08002a00                I2C1_ER_IRQHandler
                0x08002a10                EXTI15_10_IRQHandler
                0x08002a1e                EXTI4_IRQHandler
                0x08002a2a                EXTI0_IRQHandler
                0x08002a36                EXTI1_IRQHandler
                0x08002a42                SPI1_IRQHandler
 .text          0x08002a54       0x88 src/main.o
                0x08002a54                HAL_GPIO_EXTI_Callback
                0x08002a62                HAL_UART_RxCpltCallback
                0x08002a6c                HAL_TIM_PeriodElapsedCallback
                0x08002a76                main
 .text          0x08002adc      0x378 /home/duncan/st/stm32cubeide_1.19.0/plugins/com.st.stm32cube.ide.mcu.externaltools.gnu-tools-for-stm32.13.3.rel1.linux64_1.0.0.202410170706/tools/bin/../lib/gcc/arm-none-eabi/13.3.1/thumb/v7e-m+fp/hard/libgcc.a(_arm_addsubdf3.o)
                0x08002adc                __aeabi_drsub
                0x08002ae4                __aeabi_dsub
                0x08002ae4                __subdf3
                0x08002ae8                __adddf3
                0x08002ae8                __aeabi_dadd
                0x08002d60                __aeabi_ui2d
                0x08002d60                __floatunsidf
                0x08002d80                __floatsidf
                0x08002d80                __aeabi_i2d
                0x08002da4                __extendsfdf2
                0x08002da4                __aeabi_f2d
                0x08002de8                __aeabi_ul2d
                0x08002de8                __floatundidf
                0x08002df8                __floatdidf
                0x08002df8                __aeabi_l2d
 .text          0x08002e54      0x424 /home/duncan/st/stm32cubeide_1.19.0/plugins/com.st.stm32cube.ide.mcu.externaltools.gnu-tools-for-stm32.13.3.rel1.linux64_1.0.0.202410170706/tools/bin/../lib/gcc/arm-none-eabi/13.3.1/thumb/v7e-m+fp/hard/libgcc.a(_arm_muldivdf3.o)
                0x08002e54                __aeabi_dmul
                0x08002e54                __muldf3
                0x080030a8                __aeabi_ddiv
                0x080030a8                __divdf3
 .text          0x08003278       0xa0 /home/duncan/st/stm32cubeide_1.19.0/plugins/com.st.stm32cube.ide.mcu.externaltools.gnu-tools-for-stm32.13.3.rel1.linux64_1.0.0.202410170706/tools/bin/../lib/gcc/arm-none-eabi/13.3.1/thumb/v7e-m+fp/hard/libgcc.a(_arm_truncdfsf2.o)
                0x08003278                __aeabi_d2f
                0x08003278                __truncdfsf2
 *(.text*)
 .text.Reset_Handler
                0x08003318       0x4c startup/startup_stm32f411xe.o
                0x08003318                Reset_Handler
                0x0800334a                _exit
 .text.Default_Handler
                0x08003364        0x2 startup/startup_stm32f411xe.o
                0x08003364                RTC_Alarm_IRQHandler
                0x08003364                EXTI2_IRQHandler
                0x08003364                SPI4_IRQHandler
                0x08003364                TIM1_CC_IRQHandler
                0x08003364                DMA2_Stream5_IRQHandler
                0x08003364                DMA1_Stream5_IRQHandler
                0x08003364                PVD_IRQHandler
                0x08003364                SDIO_IRQHandler
                0x08003364                TAMP_STAMP_IRQHandler
                0x08003364                EXTI3_IRQHandler
                0x08003364                TIM1_UP_TIM10_IRQHandler
                0x08003364                I2C3_ER_IRQHandler
                0x08003364                I2C2_EV_IRQHandler
                0x08003364                DMA1_Stream2_IRQHandler
                0x08003364                FPU_IRQHandler
                0x08003364                DMA2_Stream2_IRQHandler
                0x08003364                TIM1_BRK_TIM9_IRQHandler
                0x08003364                DMA2_Stream3_IRQHandler
                0x08003364                USART6_IRQHandler
                0x08003364                DMA2_Stream0_IRQHandler
                0x08003364                TIM4_IRQHandler
                0x08003364                DMA1_Stream6_IRQHandler
                0x08003364                DMA1_Stream1_IRQHandler
                0x08003364                TIM3_IRQHandler
                0x08003364                RCC_IRQHandler
                0x08003364                Default_Handler
                0x08003364                ADC_IRQHandler
                0x08003364                DMA1_Stream7_IRQHandler
                0x08003364                SPI5_IRQHandler
                0x08003364                DMA2_Stream7_IRQHandler
                0x08003364                I2C3_EV_IRQHandler
                0x08003364                EXTI9_5_IRQHandler
                0x08003364                RTC_WKUP_IRQHandler
                0x08003364                SPI2_IRQHandler
                0x08003364                DMA1_Stream0_IRQHandler
                0x08003364                WWDG_IRQHandler
                0x08003364                TIM2_IRQHandler
                0x08003364                OTG_FS_WKUP_IRQHandler
                0x08003364                TIM1_TRG_COM_TIM11_IRQHandler
                0x08003364                I2C2_ER_IRQHandler
                0x08003364                DMA2_Stream1_IRQHandler
                0x08003364                FLASH_IRQHandler
                0x08003364                DMA2_Stream4_IRQHandler
                0x08003364                USART1_IRQHandler
                0x08003364                OTG_FS_IRQHandler
                0x08003364                SPI3_IRQHandler
                0x08003364                DMA1_Stream4_IRQHandler
                0x08003364                DMA2_Stream6_IRQHandler
                0x08003364                DMA1_Stream3_IRQHandler
 *fill*         0x08003366        0x2 
 .text.__libc_init_array
                0x08003368       0x48 /home/duncan/st/stm32cubeide_1.19.0/plugins/com.st.stm32cube.ide.mcu.externaltools.gnu-tools-for-stm32.13.3.rel1.linux64_1.0.0.202410170706/tools/bin/../lib/gcc/arm-none-eabi/13.3.1/../../../../arm-none-eabi/lib/thumb/v7e-m+fp/hard/libc_nano.a(libc_a-init.o)
                0x08003368                __libc_init_array
 *(.glue_7)
 .glue_7        0x080033b0        0x0 linker stubs
 *(.glue_7t)
 .glue_7t       0x080033b0        0x0 linker stubs
 *(.eh_frame)
 .eh_frame      0x080033b0        0x0 /home/duncan/st/stm32cubeide_1.19.0/plugins/com.st.stm32cube.ide.mcu.externaltools.gnu-tools-for-stm32.13.3.rel1.linux64_1.0.0.202410170706/tools/bin/../lib/gcc/arm-none-eabi/13.3.1/thumb/v7e-m+fp/hard/crtbegin.o
 *(.init)
 .init          0x080033b0        0x4 /home/duncan/st/stm32cubeide_1.19.0/plugins/com.st.stm32cube.ide.mcu.externaltools.gnu-tools-for-stm32.13.3.rel1.linux64_1.0.0.202410170706/tools/bin/../lib/gcc/arm-none-eabi/13.3.1/thumb/v7e-m+fp/hard/crti.o
                0x080033b0                _init
 .init          0x080033b4        0x8 /home/duncan/st/stm32cubeide_1.19.0/plugins/com.st.stm32cube.ide.mcu.externaltools.gnu-tools-for-stm32.13.3.rel1.linux64_1.0.0.202410170706/tools/bin/../lib/gcc/arm-none-eabi/13.3.1/thumb/v7e-m+fp/hard/crtn.o
 *(.fini)
 .fini          0x080033bc        0x4 /home/duncan/st/stm32cubeide_1.19.0/plugins/com.st.stm32cube.ide.mcu.externaltools.gnu-tools-for-stm32.13.3.rel1.linux64_1.0.0.202410170706/tools/bin/../lib/gcc/arm-none-eabi/13.3.1/thumb/v7e-m+fp/hard/crti.o
                0x080033bc                _fini
 .fini          0x080033c0        0x8 /home/duncan/st/stm32cubeide_1.19.0/plugins/com.st.stm32cube.ide.mcu.externaltools.gnu-tools-for-stm32.13.3.rel1.linux64_1.0.0.202410170706/tools/bin/../lib/gcc/arm-none-eabi/13.3.1/thumb/v7e-m+fp/hard/crtn.o
                0x080033c8                        . = ALIGN (0x4)
                0x080033c8                        _etext = .

.vfp11_veneer   0x080033c8        0x0
 .vfp11_veneer  0x080033c8        0x0 linker stubs

.v4_bx          0x080033c8        0x0
 .v4_bx         0x080033c8        0x0 linker stubs

.iplt           0x080033c8        0x0
 .iplt          0x080033c8        0x0 /home/duncan/st/stm32cubeide_1.19.0/plugins/com.st.stm32cube.ide.mcu.externaltools.gnu-tools-for-stm32.13.3.rel1.linux64_1.0.0.202410170706/tools/bin/../lib/gcc/arm-none-eabi/13.3.1/thumb/v7e-m+fp/hard/crtbegin.o

.rodata         0x080033c8      0x890
                0x080033c8                        . = ALIGN (0x4)
 *(.rodata)
 .rodata        0x080033c8       0x24 /home/duncan/st/stm32cubeide_1.19.0/plugins/com.st.stm32cube.ide.mcu.externaltools.gnu-tools-for-stm32.13.3.rel1.linux64_1.0.0.202410170706/tools/bin/../lib/gcc/arm-none-eabi/13.3.1/thumb/v7e-m+fp/hard/crtbegin.o
 .rodata        0x080033ec      0x114 startup/stm32f411_periph.o
                0x080033ec                _SCnSCB
                0x080033f0                _SCB
                0x080033f4                _SysTick
                0x080033f8                _NVIC
                0x080033fc                _ITM
                0x08003400                _DWT
                0x08003404                _TPI
                0x08003408                _CoreDebug
                0x0800340c                _MPU
                0x08003410                _FPU
                0x08003414                _TIM2
                0x08003418                _TIM3
                0x0800341c                _TIM4
                0x08003420                _TIM5
                0x08003424                _RTC
                0x08003428                _WWDG
                0x0800342c                _IWDG
                0x08003430                _I2S2ext
                0x08003434                _SPI2
                0x08003438                _SPI3
                0x0800343c                _I2S3ext
                0x08003440                _USART2
                0x08003444                _I2C1
                0x08003448                _I2C2
                0x0800344c                _I2C3
                0x08003450                _PWR
                0x08003454                _TIM1
                0x08003458                _USART1
                0x0800345c                _USART6
                0x08003460                _ADC1
                0x08003464                _ADC
                0x08003468                _SDIO
                0x0800346c                _SPI1
                0x08003470                _SPI4
                0x08003474                _SYSCFG
                0x08003478                _EXTI
                0x0800347c                _TIM9
                0x08003480                _TIM10
                0x08003484                _TIM11
                0x08003488                _SPI5
                0x0800348c                _GPIOA
                0x08003490                _GPIOB
                0x08003494                _GPIOC
                0x08003498                _GPIOD
                0x0800349c                _GPIOE
                0x080034a0                _GPIOH
                0x080034a4                _CRC
                0x080034a8                _RCC
                0x080034ac                _FLASH
                0x080034b0                _DMA1
                0x080034b4                _DMA1_Stream0
                0x080034b8                _DMA1_Stream1
                0x080034bc                _DMA1_Stream2
                0x080034c0                _DMA1_Stream3
                0x080034c4                _DMA1_Stream4
                0x080034c8                _DMA1_Stream5
                0x080034cc                _DMA1_Stream6
                0x080034d0                _DMA1_Stream7
                0x080034d4                _DMA2
                0x080034d8                _DMA2_Stream0
                0x080034dc                _DMA2_Stream1
                0x080034e0                _DMA2_Stream2
                0x080034e4                _DMA2_Stream3
                0x080034e8                _DMA2_Stream4
                0x080034ec                _DMA2_Stream5
                0x080034f0                _DMA2_Stream6
                0x080034f4                _DMA2_Stream7
                0x080034f8                _DBGMCU
                0x080034fc                _USB_OTG_FS
 .rodata        0x08003500       0x10 startup/system_stm32f4xx.o
                0x08003500                AHBPrescTable
 .rodata        0x08003510      0x724 mbed_shield/src/lcd_128x32.o
 .rodata        0x08003c34       0x24 /home/duncan/st/stm32cubeide_1.19.0/plugins/com.st.stm32cube.ide.mcu.externaltools.gnu-tools-for-stm32.13.3.rel1.linux64_1.0.0.202410170706/tools/bin/../lib/gcc/arm-none-eabi/13.3.1/thumb/v7e-m+fp/hard/crtend.o
 *(.rodata*)
                0x08003c58                        . = ALIGN (0x4)

.rel.dyn        0x08003c58        0x0
 .rel.iplt      0x08003c58        0x0 /home/duncan/st/stm32cubeide_1.19.0/plugins/com.st.stm32cube.ide.mcu.externaltools.gnu-tools-for-stm32.13.3.rel1.linux64_1.0.0.202410170706/tools/bin/../lib/gcc/arm-none-eabi/13.3.1/thumb/v7e-m+fp/hard/crtbegin.o

.ARM.extab
 *(.ARM.extab* .gnu.linkonce.armextab.*)

.ARM            0x08003c58        0x0
                0x08003c58                        __exidx_start = .
 *(.ARM.exidx*)
                0x08003c58                        __exidx_end = .

.preinit_array  0x08003c58        0x0
                0x08003c58                        PROVIDE (__preinit_array_start = .)
 *(.preinit_array*)
                0x08003c58                        PROVIDE (__preinit_array_end = .)

.init_array     0x08003c58        0x4
                0x08003c58                        PROVIDE (__init_array_start = .)
 *(SORT_BY_NAME(.init_array.*))
 *(.init_array*)
 .init_array    0x08003c58        0x4 /home/duncan/st/stm32cubeide_1.19.0/plugins/com.st.stm32cube.ide.mcu.externaltools.gnu-tools-for-stm32.13.3.rel1.linux64_1.0.0.202410170706/tools/bin/../lib/gcc/arm-none-eabi/13.3.1/thumb/v7e-m+fp/hard/crtbegin.o
                0x08003c5c                        PROVIDE (__init_array_end = .)

.fini_array     0x08003c5c        0x4
                [!provide]                        PROVIDE (__fini_array_start = .)
 *(SORT_BY_NAME(.fini_array.*))
 *(.fini_array*)
 .fini_array    0x08003c5c        0x4 /home/duncan/st/stm32cubeide_1.19.0/plugins/com.st.stm32cube.ide.mcu.externaltools.gnu-tools-for-stm32.13.3.rel1.linux64_1.0.0.202410170706/tools/bin/../lib/gcc/arm-none-eabi/13.3.1/thumb/v7e-m+fp/hard/crtbegin.o
                [!provide]                        PROVIDE (__fini_array_end = .)
                0x08003c60                        _sidata = LOADADDR (.data)

.data           0x20000000       0xc8 load address 0x08003c60
                0x20000000                        . = ALIGN (0x4)
                0x20000000                        _sdata = .
 *(.data)
 .data          0x20000000        0x4 startup/system_stm32f4xx.o
                0x20000000                SystemCoreClock
 .data          0x20000004       0xa8 STM32F4xx_HAL_Driver/src/stm32f4xx_ll_rcc.o
 .data          0x200000ac       0x11 STM32F4xx_HAL_Driver/src/util.o
 *fill*         0x200000bd        0x3 
 .data          0x200000c0        0x5 STM32F4xx_HAL_Driver/src/stm32f4xx_hal.o
                0x200000c0                uwTickPrio
                0x200000c4                uwTickFreq
 *(.data*)
                0x200000c8                        . = ALIGN (0x4)
 *fill*         0x200000c5        0x3 
                0x200000c8                        _edata = .

.igot.plt       0x200000c8        0x0 load address 0x08003d28
 .igot.plt      0x200000c8        0x0 /home/duncan/st/stm32cubeide_1.19.0/plugins/com.st.stm32cube.ide.mcu.externaltools.gnu-tools-for-stm32.13.3.rel1.linux64_1.0.0.202410170706/tools/bin/../lib/gcc/arm-none-eabi/13.3.1/thumb/v7e-m+fp/hard/crtbegin.o
                0x200000c8                        . = ALIGN (0x4)

.bss            0x200000c8      0x34c load address 0x08003d28
                0x200000c8                        _sbss = .
                0x200000c8                        __bss_start__ = _sbss
 *(.bss)
 .bss           0x200000c8       0x1c /home/duncan/st/stm32cubeide_1.19.0/plugins/com.st.stm32cube.ide.mcu.externaltools.gnu-tools-for-stm32.13.3.rel1.linux64_1.0.0.202410170706/tools/bin/../lib/gcc/arm-none-eabi/13.3.1/thumb/v7e-m+fp/hard/crtbegin.o
 .bss           0x200000e4       0x14 startup/system_stm32f4xx.o
                0x200000e4                sysclks
 .bss           0x200000f8        0x4 STM32F4xx_HAL_Driver/src/stm32f4xx_hal_i2c.o
                0x200000f8                nb_irqs_i2c
 .bss           0x200000fc        0x4 STM32F4xx_HAL_Driver/src/stm32f4xx_hal.o
                0x200000fc                uwTick
 .bss           0x20000100       0x10 STM32F4xx_HAL_Driver/src/stm32f4xx_hal_spi.o
                0x20000100                cpt
                0x20000104                cpt1
                0x20000108                cpt2
                0x2000010c                sr
 .bss           0x20000110      0x264 mbed_shield/src/lcd_128x32.o
                0x20000320                hspi1
 .bss           0x20000374       0xa0 src/main.o
                0x20000374                htim3
                0x20000388                htim5
                0x2000039c                huart2
                0x200003cc                hi2c1
 *(.bss*)
 *(COMMON)
                0x20000414                        . = ALIGN (0x4)
                0x20000414                        _ebss = .
                0x20000414                        __bss_end__ = _ebss

._user_heap_stack
                0x20000414      0x600 load address 0x08003d28
                0x20000414                        . = ALIGN (0x4)
                0x20000414                        PROVIDE (end = .)
                [!provide]                        PROVIDE (_end = .)
                0x20000614                        . = (. + _Min_Heap_Size)
 *fill*         0x20000414      0x200 
                0x20000a14                        . = (. + _Min_Stack_Size)
 *fill*         0x20000614      0x400 
                0x20000a14                        . = ALIGN (0x4)

/DISCARD/
 libc.a(*)
 libm.a(*)
 libgcc.a(*)

.ARM.attributes
                0x00000000       0x30
 *(.ARM.attributes)
 .ARM.attributes
                0x00000000       0x22 /home/duncan/st/stm32cubeide_1.19.0/plugins/com.st.stm32cube.ide.mcu.externaltools.gnu-tools-for-stm32.13.3.rel1.linux64_1.0.0.202410170706/tools/bin/../lib/gcc/arm-none-eabi/13.3.1/thumb/v7e-m+fp/hard/crti.o
 .ARM.attributes
                0x00000022       0x34 /home/duncan/st/stm32cubeide_1.19.0/plugins/com.st.stm32cube.ide.mcu.externaltools.gnu-tools-for-stm32.13.3.rel1.linux64_1.0.0.202410170706/tools/bin/../lib/gcc/arm-none-eabi/13.3.1/thumb/v7e-m+fp/hard/crtbegin.o
 .ARM.attributes
                0x00000056       0x34 startup/stm32f411_periph.o
 .ARM.attributes
                0x0000008a       0x34 startup/sys_handlers.o
 .ARM.attributes
                0x000000be       0x34 startup/system_stm32f4xx.o
 .ARM.attributes
                0x000000f2       0x34 STM32F4xx_HAL_Driver/src/stm32f4xx_ll_rcc.o
 .ARM.attributes
                0x00000126       0x34 STM32F4xx_HAL_Driver/src/stm32f4xx_hal_i2c.o
 .ARM.attributes
                0x0000015a       0x34 STM32F4xx_HAL_Driver/src/util.o
 .ARM.attributes
                0x0000018e       0x34 STM32F4xx_HAL_Driver/src/stm32f4xx_hal.o
 .ARM.attributes
                0x000001c2       0x34 STM32F4xx_HAL_Driver/src/stm32f4xx_hal_cortex.o
 .ARM.attributes
                0x000001f6       0x34 STM32F4xx_HAL_Driver/src/stm32f4xx_hal_uart.o
 .ARM.attributes
                0x0000022a       0x34 STM32F4xx_HAL_Driver/src/stm32f4xx_hal_gpio.o
 .ARM.attributes
                0x0000025e       0x34 STM32F4xx_HAL_Driver/src/stm32f4xx_hal_tim.o
 .ARM.attributes
                0x00000292       0x34 STM32F4xx_HAL_Driver/src/stm32f4xx_hal_spi.o
 .ARM.attributes
                0x000002c6       0x34 mbed_shield/src/leds.o
 .ARM.attributes
                0x000002fa       0x34 mbed_shield/src/sw.o
 .ARM.attributes
                0x0000032e       0x34 mbed_shield/src/lcd_128x32.o
 .ARM.attributes
                0x00000362       0x34 src/stm32f4xx_hal_msp.o
 .ARM.attributes
                0x00000396       0x34 src/stm32f4xx_it.o
 .ARM.attributes
                0x000003ca       0x34 src/main.o
 .ARM.attributes
                0x000003fe       0x21 startup/startup_stm32f411xe.o
 .ARM.attributes
                0x0000041f       0x34 /home/duncan/st/stm32cubeide_1.19.0/plugins/com.st.stm32cube.ide.mcu.externaltools.gnu-tools-for-stm32.13.3.rel1.linux64_1.0.0.202410170706/tools/bin/../lib/gcc/arm-none-eabi/13.3.1/../../../../arm-none-eabi/lib/thumb/v7e-m+fp/hard/libc_nano.a(libc_a-init.o)
 .ARM.attributes
                0x00000453       0x22 /home/duncan/st/stm32cubeide_1.19.0/plugins/com.st.stm32cube.ide.mcu.externaltools.gnu-tools-for-stm32.13.3.rel1.linux64_1.0.0.202410170706/tools/bin/../lib/gcc/arm-none-eabi/13.3.1/thumb/v7e-m+fp/hard/libgcc.a(_arm_addsubdf3.o)
 .ARM.attributes
                0x00000475       0x22 /home/duncan/st/stm32cubeide_1.19.0/plugins/com.st.stm32cube.ide.mcu.externaltools.gnu-tools-for-stm32.13.3.rel1.linux64_1.0.0.202410170706/tools/bin/../lib/gcc/arm-none-eabi/13.3.1/thumb/v7e-m+fp/hard/libgcc.a(_arm_muldivdf3.o)
 .ARM.attributes
                0x00000497       0x22 /home/duncan/st/stm32cubeide_1.19.0/plugins/com.st.stm32cube.ide.mcu.externaltools.gnu-tools-for-stm32.13.3.rel1.linux64_1.0.0.202410170706/tools/bin/../lib/gcc/arm-none-eabi/13.3.1/thumb/v7e-m+fp/hard/libgcc.a(_arm_truncdfsf2.o)
 .ARM.attributes
                0x000004b9       0x34 /home/duncan/st/stm32cubeide_1.19.0/plugins/com.st.stm32cube.ide.mcu.externaltools.gnu-tools-for-stm32.13.3.rel1.linux64_1.0.0.202410170706/tools/bin/../lib/gcc/arm-none-eabi/13.3.1/thumb/v7e-m+fp/hard/crtend.o
 .ARM.attributes
                0x000004ed       0x22 /home/duncan/st/stm32cubeide_1.19.0/plugins/com.st.stm32cube.ide.mcu.externaltools.gnu-tools-for-stm32.13.3.rel1.linux64_1.0.0.202410170706/tools/bin/../lib/gcc/arm-none-eabi/13.3.1/thumb/v7e-m+fp/hard/crtn.o
OUTPUT(main.elf elf32-littlearm)
LOAD linker stubs
LOAD /home/duncan/st/stm32cubeide_1.19.0/plugins/com.st.stm32cube.ide.mcu.externaltools.gnu-tools-for-stm32.13.3.rel1.linux64_1.0.0.202410170706/tools/bin/../lib/gcc/arm-none-eabi/13.3.1/../../../../arm-none-eabi/lib/thumb/v7e-m+fp/hard/libc.a
LOAD /home/duncan/st/stm32cubeide_1.19.0/plugins/com.st.stm32cube.ide.mcu.externaltools.gnu-tools-for-stm32.13.3.rel1.linux64_1.0.0.202410170706/tools/bin/../lib/gcc/arm-none-eabi/13.3.1/../../../../arm-none-eabi/lib/thumb/v7e-m+fp/hard/libm.a
LOAD /home/duncan/st/stm32cubeide_1.19.0/plugins/com.st.stm32cube.ide.mcu.externaltools.gnu-tools-for-stm32.13.3.rel1.linux64_1.0.0.202410170706/tools/bin/../lib/gcc/arm-none-eabi/13.3.1/thumb/v7e-m+fp/hard/libgcc.a

.debug_info     0x00000000     0x8871
 .debug_info    0x00000000     0x224d startup/stm32f411_periph.o
 .debug_info    0x0000224d       0xf4 startup/sys_handlers.o
 .debug_info    0x00002341      0x5d2 startup/system_stm32f4xx.o
 .debug_info    0x00002913      0x56e STM32F4xx_HAL_Driver/src/stm32f4xx_ll_rcc.o
 .debug_info    0x00002e81      0x52a STM32F4xx_HAL_Driver/src/stm32f4xx_hal_i2c.o
 .debug_info    0x000033ab      0x2e2 STM32F4xx_HAL_Driver/src/util.o
 .debug_info    0x0000368d      0x635 STM32F4xx_HAL_Driver/src/stm32f4xx_hal.o
 .debug_info    0x00003cc2      0xc9f STM32F4xx_HAL_Driver/src/stm32f4xx_hal_cortex.o
 .debug_info    0x00004961      0x5bd STM32F4xx_HAL_Driver/src/stm32f4xx_hal_uart.o
 .debug_info    0x00004f1e      0x5cf STM32F4xx_HAL_Driver/src/stm32f4xx_hal_gpio.o
 .debug_info    0x000054ed      0x425 STM32F4xx_HAL_Driver/src/stm32f4xx_hal_tim.o
 .debug_info    0x00005912      0x43c STM32F4xx_HAL_Driver/src/stm32f4xx_hal_spi.o
 .debug_info    0x00005d4e      0x1ea mbed_shield/src/leds.o
 .debug_info    0x00005f38      0x26d mbed_shield/src/sw.o
 .debug_info    0x000061a5      0xd19 mbed_shield/src/lcd_128x32.o
 .debug_info    0x00006ebe      0xa41 src/stm32f4xx_hal_msp.o
 .debug_info    0x000078ff      0x881 src/stm32f4xx_it.o
 .debug_info    0x00008180      0x6cf src/main.o
 .debug_info    0x0000884f       0x22 startup/startup_stm32f411xe.o

.debug_abbrev   0x00000000     0x1d93
 .debug_abbrev  0x00000000      0x16c startup/stm32f411_periph.o
 .debug_abbrev  0x0000016c       0x45 startup/sys_handlers.o
 .debug_abbrev  0x000001b1      0x190 startup/system_stm32f4xx.o
 .debug_abbrev  0x00000341      0x18b STM32F4xx_HAL_Driver/src/stm32f4xx_ll_rcc.o
 .debug_abbrev  0x000004cc      0x199 STM32F4xx_HAL_Driver/src/stm32f4xx_hal_i2c.o
 .debug_abbrev  0x00000665      0x10e STM32F4xx_HAL_Driver/src/util.o
 .debug_abbrev  0x00000773      0x20a STM32F4xx_HAL_Driver/src/stm32f4xx_hal.o
 .debug_abbrev  0x0000097d      0x309 STM32F4xx_HAL_Driver/src/stm32f4xx_hal_cortex.o
 .debug_abbrev  0x00000c86      0x20a STM32F4xx_HAL_Driver/src/stm32f4xx_hal_uart.o
 .debug_abbrev  0x00000e90      0x197 STM32F4xx_HAL_Driver/src/stm32f4xx_hal_gpio.o
 .debug_abbrev  0x00001027      0x146 STM32F4xx_HAL_Driver/src/stm32f4xx_hal_tim.o
 .debug_abbrev  0x0000116d      0x174 STM32F4xx_HAL_Driver/src/stm32f4xx_hal_spi.o
 .debug_abbrev  0x000012e1      0x103 mbed_shield/src/leds.o
 .debug_abbrev  0x000013e4      0x125 mbed_shield/src/sw.o
 .debug_abbrev  0x00001509      0x347 mbed_shield/src/lcd_128x32.o
 .debug_abbrev  0x00001850      0x20f src/stm32f4xx_hal_msp.o
 .debug_abbrev  0x00001a5f      0x162 src/stm32f4xx_it.o
 .debug_abbrev  0x00001bc1      0x1c0 src/main.o
 .debug_abbrev  0x00001d81       0x12 startup/startup_stm32f411xe.o

.debug_aranges  0x00000000      0x260
 .debug_aranges
                0x00000000       0x18 startup/stm32f411_periph.o
 .debug_aranges
                0x00000018       0x20 startup/sys_handlers.o
 .debug_aranges
                0x00000038       0x20 startup/system_stm32f4xx.o
 .debug_aranges
                0x00000058       0x20 STM32F4xx_HAL_Driver/src/stm32f4xx_ll_rcc.o
 .debug_aranges
                0x00000078       0x20 STM32F4xx_HAL_Driver/src/stm32f4xx_hal_i2c.o
 .debug_aranges
                0x00000098       0x20 STM32F4xx_HAL_Driver/src/util.o
 .debug_aranges
                0x000000b8       0x20 STM32F4xx_HAL_Driver/src/stm32f4xx_hal.o
 .debug_aranges
                0x000000d8       0x20 STM32F4xx_HAL_Driver/src/stm32f4xx_hal_cortex.o
 .debug_aranges
                0x000000f8       0x20 STM32F4xx_HAL_Driver/src/stm32f4xx_hal_uart.o
 .debug_aranges
                0x00000118       0x20 STM32F4xx_HAL_Driver/src/stm32f4xx_hal_gpio.o
 .debug_aranges
                0x00000138       0x20 STM32F4xx_HAL_Driver/src/stm32f4xx_hal_tim.o
 .debug_aranges
                0x00000158       0x20 STM32F4xx_HAL_Driver/src/stm32f4xx_hal_spi.o
 .debug_aranges
                0x00000178       0x20 mbed_shield/src/leds.o
 .debug_aranges
                0x00000198       0x20 mbed_shield/src/sw.o
 .debug_aranges
                0x000001b8       0x20 mbed_shield/src/lcd_128x32.o
 .debug_aranges
                0x000001d8       0x20 src/stm32f4xx_hal_msp.o
 .debug_aranges
                0x000001f8       0x20 src/stm32f4xx_it.o
 .debug_aranges
                0x00000218       0x20 src/main.o
 .debug_aranges
                0x00000238       0x28 startup/startup_stm32f411xe.o

.debug_line     0x00000000     0x45d4
 .debug_line    0x00000000      0x1fc startup/stm32f411_periph.o
 .debug_line    0x000001fc       0x6f startup/sys_handlers.o
 .debug_line    0x0000026b      0x2f4 startup/system_stm32f4xx.o
 .debug_line    0x0000055f      0x4e2 STM32F4xx_HAL_Driver/src/stm32f4xx_ll_rcc.o
 .debug_line    0x00000a41      0x57a STM32F4xx_HAL_Driver/src/stm32f4xx_hal_i2c.o
 .debug_line    0x00000fbb      0x375 STM32F4xx_HAL_Driver/src/util.o
 .debug_line    0x00001330      0x3ad STM32F4xx_HAL_Driver/src/stm32f4xx_hal.o
 .debug_line    0x000016dd      0x5c2 STM32F4xx_HAL_Driver/src/stm32f4xx_hal_cortex.o
 .debug_line    0x00001c9f      0x52a STM32F4xx_HAL_Driver/src/stm32f4xx_hal_uart.o
 .debug_line    0x000021c9      0x477 STM32F4xx_HAL_Driver/src/stm32f4xx_hal_gpio.o
 .debug_line    0x00002640      0x490 STM32F4xx_HAL_Driver/src/stm32f4xx_hal_tim.o
 .debug_line    0x00002ad0      0x376 STM32F4xx_HAL_Driver/src/stm32f4xx_hal_spi.o
 .debug_line    0x00002e46      0x22c mbed_shield/src/leds.o
 .debug_line    0x00003072      0x286 mbed_shield/src/sw.o
 .debug_line    0x000032f8      0x998 mbed_shield/src/lcd_128x32.o
 .debug_line    0x00003c90      0x318 src/stm32f4xx_hal_msp.o
 .debug_line    0x00003fa8      0x2db src/stm32f4xx_it.o
 .debug_line    0x00004283      0x2d8 src/main.o
 .debug_line    0x0000455b       0x79 startup/startup_stm32f411xe.o

.debug_str      0x00000000     0x2651
 .debug_str     0x00000000     0x2651 startup/stm32f411_periph.o
                                0xcb8 (size before relaxing)
 .debug_str     0x00002651      0x21e startup/sys_handlers.o
 .debug_str     0x00002651      0x4b3 startup/system_stm32f4xx.o
 .debug_str     0x00002651      0x52e STM32F4xx_HAL_Driver/src/stm32f4xx_ll_rcc.o
 .debug_str     0x00002651      0x419 STM32F4xx_HAL_Driver/src/stm32f4xx_hal_i2c.o
 .debug_str     0x00002651      0x22f STM32F4xx_HAL_Driver/src/util.o
 .debug_str     0x00002651      0x8da STM32F4xx_HAL_Driver/src/stm32f4xx_hal.o
 .debug_str     0x00002651      0xac3 STM32F4xx_HAL_Driver/src/stm32f4xx_hal_cortex.o
 .debug_str     0x00002651      0x423 STM32F4xx_HAL_Driver/src/stm32f4xx_hal_uart.o
 .debug_str     0x00002651      0x471 STM32F4xx_HAL_Driver/src/stm32f4xx_hal_gpio.o
 .debug_str     0x00002651      0x37e STM32F4xx_HAL_Driver/src/stm32f4xx_hal_tim.o
 .debug_str     0x00002651      0x3df STM32F4xx_HAL_Driver/src/stm32f4xx_hal_spi.o
 .debug_str     0x00002651      0x230 mbed_shield/src/leds.o
 .debug_str     0x00002651      0x2c0 mbed_shield/src/sw.o
 .debug_str     0x00002651      0x5f6 mbed_shield/src/lcd_128x32.o
 .debug_str     0x00002651      0x84d src/stm32f4xx_hal_msp.o
 .debug_str     0x00002651      0x688 src/stm32f4xx_it.o
 .debug_str     0x00002651      0x547 src/main.o
 .debug_str     0x00002651       0xb7 startup/startup_stm32f411xe.o

.comment        0x00000000       0x43
 .comment       0x00000000       0x43 startup/stm32f411_periph.o
                                 0x44 (size before relaxing)
 .comment       0x00000043       0x44 startup/sys_handlers.o
 .comment       0x00000043       0x44 startup/system_stm32f4xx.o
 .comment       0x00000043       0x44 STM32F4xx_HAL_Driver/src/stm32f4xx_ll_rcc.o
 .comment       0x00000043       0x44 STM32F4xx_HAL_Driver/src/stm32f4xx_hal_i2c.o
 .comment       0x00000043       0x44 STM32F4xx_HAL_Driver/src/util.o
 .comment       0x00000043       0x44 STM32F4xx_HAL_Driver/src/stm32f4xx_hal.o
 .comment       0x00000043       0x44 STM32F4xx_HAL_Driver/src/stm32f4xx_hal_cortex.o
 .comment       0x00000043       0x44 STM32F4xx_HAL_Driver/src/stm32f4xx_hal_uart.o
 .comment       0x00000043       0x44 STM32F4xx_HAL_Driver/src/stm32f4xx_hal_gpio.o
 .comment       0x00000043       0x44 STM32F4xx_HAL_Driver/src/stm32f4xx_hal_tim.o
 .comment       0x00000043       0x44 STM32F4xx_HAL_Driver/src/stm32f4xx_hal_spi.o
 .comment       0x00000043       0x44 mbed_shield/src/leds.o
 .comment       0x00000043       0x44 mbed_shield/src/sw.o
 .comment       0x00000043       0x44 mbed_shield/src/lcd_128x32.o
 .comment       0x00000043       0x44 src/stm32f4xx_hal_msp.o
 .comment       0x00000043       0x44 src/stm32f4xx_it.o
 .comment       0x00000043       0x44 src/main.o

.debug_frame    0x00000000     0x12d4
 .debug_frame   0x00000000       0x90 startup/sys_handlers.o
 .debug_frame   0x00000090       0x40 startup/system_stm32f4xx.o
 .debug_frame   0x000000d0       0x74 STM32F4xx_HAL_Driver/src/stm32f4xx_ll_rcc.o
 .debug_frame   0x00000144       0xa8 STM32F4xx_HAL_Driver/src/stm32f4xx_hal_i2c.o
 .debug_frame   0x000001ec       0xac STM32F4xx_HAL_Driver/src/util.o
 .debug_frame   0x00000298      0x1f4 STM32F4xx_HAL_Driver/src/stm32f4xx_hal.o
 .debug_frame   0x0000048c      0x31c STM32F4xx_HAL_Driver/src/stm32f4xx_hal_cortex.o
 .debug_frame   0x000007a8      0x11c STM32F4xx_HAL_Driver/src/stm32f4xx_hal_uart.o
 .debug_frame   0x000008c4       0xa4 STM32F4xx_HAL_Driver/src/stm32f4xx_hal_gpio.o
 .debug_frame   0x00000968      0x11c STM32F4xx_HAL_Driver/src/stm32f4xx_hal_tim.o
 .debug_frame   0x00000a84       0x70 STM32F4xx_HAL_Driver/src/stm32f4xx_hal_spi.o
 .debug_frame   0x00000af4       0x80 mbed_shield/src/leds.o
 .debug_frame   0x00000b74       0xf4 mbed_shield/src/sw.o
 .debug_frame   0x00000c68      0x2c0 mbed_shield/src/lcd_128x32.o
 .debug_frame   0x00000f28       0xf0 src/stm32f4xx_hal_msp.o
 .debug_frame   0x00001018      0x100 src/stm32f4xx_it.o
 .debug_frame   0x00001118       0x70 src/main.o
 .debug_frame   0x00001188       0x2c /home/duncan/st/stm32cubeide_1.19.0/plugins/com.st.stm32cube.ide.mcu.externaltools.gnu-tools-for-stm32.13.3.rel1.linux64_1.0.0.202410170706/tools/bin/../lib/gcc/arm-none-eabi/13.3.1/../../../../arm-none-eabi/lib/thumb/v7e-m+fp/hard/libc_nano.a(libc_a-init.o)
 .debug_frame   0x000011b4       0xac /home/duncan/st/stm32cubeide_1.19.0/plugins/com.st.stm32cube.ide.mcu.externaltools.gnu-tools-for-stm32.13.3.rel1.linux64_1.0.0.202410170706/tools/bin/../lib/gcc/arm-none-eabi/13.3.1/thumb/v7e-m+fp/hard/libgcc.a(_arm_addsubdf3.o)
 .debug_frame   0x00001260       0x50 /home/duncan/st/stm32cubeide_1.19.0/plugins/com.st.stm32cube.ide.mcu.externaltools.gnu-tools-for-stm32.13.3.rel1.linux64_1.0.0.202410170706/tools/bin/../lib/gcc/arm-none-eabi/13.3.1/thumb/v7e-m+fp/hard/libgcc.a(_arm_muldivdf3.o)
 .debug_frame   0x000012b0       0x24 /home/duncan/st/stm32cubeide_1.19.0/plugins/com.st.stm32cube.ide.mcu.externaltools.gnu-tools-for-stm32.13.3.rel1.linux64_1.0.0.202410170706/tools/bin/../lib/gcc/arm-none-eabi/13.3.1/thumb/v7e-m+fp/hard/libgcc.a(_arm_truncdfsf2.o)

.debug_ranges   0x00000000       0x20
 .debug_ranges  0x00000000       0x20 startup/startup_stm32f411xe.o
